---
source: crates/prose-markup/tests/styling_writer.rs
expression: "markdown_to_message_styling(include_str!(\"fixtures/html_tags.md\")).unwrap()"
---
HTML Tags

&lt;table&gt;
    &lt;tr&gt;
        &lt;td&gt;&lt;pre&gt;**Hello**, _world_&lt;/pre&gt;&lt;/td&gt;
    &lt;/tr&gt;
&lt;/table&gt;
